// Jest Snapshot v1, https://goo.gl/fbAQLP

exports[`html tag should handle regular string 1`] = `
<DocumentFragment>
  Hello! This is regular string with variables.
</DocumentFragment>
`;

exports[`html tag should render HTML correctly 1`] = `
<DocumentFragment>
  <div
    class="test-class"
  >
    hello world
  </div>
</DocumentFragment>
`;

exports[`html tag should render HTML correctly with variables 1`] = `
<DocumentFragment>
  
        
  <div
    class="test-class"
    id="testId"
  >
    
          
    <div
      class="test-string"
    >
      Hello World
    </div>
    
          
    <div
      class="test-number"
    >
      20
    </div>
    
          
    <div
      class="test-bool"
    >
      true
    </div>
    
          
    <div
      class="test-object"
    >
      {"t":"test object"}
    </div>
    
          
    <div
      class="test-array"
    >
      ["test array",1,true,{"q":"test object 2"}]
    </div>
    
          
    <div
      class="test-null"
    />
    
          
    <div
      class="test-undefined"
    />
    
        
  </div>
  
    
</DocumentFragment>
`;
